Archive member included to satisfy reference by file (symbol)

d:/ac6/systemworkbench/plugins/fr.ac6.mcu.externaltools.arm-none.win32_1.17.0.201812190825/tools/compiler/bin/../lib/gcc/arm-none-eabi/7.3.1/thumb/v7e-m/fpv4-sp/hard\libgcc.a(_arm_addsubdf3.o)
                              Core/Src/main.o (__aeabi_i2d)
d:/ac6/systemworkbench/plugins/fr.ac6.mcu.externaltools.arm-none.win32_1.17.0.201812190825/tools/compiler/bin/../lib/gcc/arm-none-eabi/7.3.1/thumb/v7e-m/fpv4-sp/hard\libgcc.a(_arm_muldivdf3.o)
                              Core/Src/main.o (__aeabi_dmul)
d:/ac6/systemworkbench/plugins/fr.ac6.mcu.externaltools.arm-none.win32_1.17.0.201812190825/tools/compiler/bin/../lib/gcc/arm-none-eabi/7.3.1/thumb/v7e-m/fpv4-sp/hard\libgcc.a(_arm_fixdfsi.o)
                              Core/Src/main.o (__aeabi_d2iz)
d:/ac6/systemworkbench/plugins/fr.ac6.mcu.externaltools.arm-none.win32_1.17.0.201812190825/tools/compiler/bin/../lib/gcc/arm-none-eabi/7.3.1/thumb/v7e-m/fpv4-sp/hard\libgcc.a(_aeabi_uldivmod.o)
                              Drivers/STM32L4xx_HAL_Driver/Src/stm32l4xx_hal_uart.o (__aeabi_uldivmod)
d:/ac6/systemworkbench/plugins/fr.ac6.mcu.externaltools.arm-none.win32_1.17.0.201812190825/tools/compiler/bin/../lib/gcc/arm-none-eabi/7.3.1/thumb/v7e-m/fpv4-sp/hard\libgcc.a(_udivmoddi4.o)
                              d:/ac6/systemworkbench/plugins/fr.ac6.mcu.externaltools.arm-none.win32_1.17.0.201812190825/tools/compiler/bin/../lib/gcc/arm-none-eabi/7.3.1/thumb/v7e-m/fpv4-sp/hard\libgcc.a(_aeabi_uldivmod.o) (__udivmoddi4)
d:/ac6/systemworkbench/plugins/fr.ac6.mcu.externaltools.arm-none.win32_1.17.0.201812190825/tools/compiler/bin/../lib/gcc/arm-none-eabi/7.3.1/thumb/v7e-m/fpv4-sp/hard\libgcc.a(_dvmd_tls.o)
                              d:/ac6/systemworkbench/plugins/fr.ac6.mcu.externaltools.arm-none.win32_1.17.0.201812190825/tools/compiler/bin/../lib/gcc/arm-none-eabi/7.3.1/thumb/v7e-m/fpv4-sp/hard\libgcc.a(_aeabi_uldivmod.o) (__aeabi_ldiv0)
d:/ac6/systemworkbench/plugins/fr.ac6.mcu.externaltools.arm-none.win32_1.17.0.201812190825/tools/compiler/bin/../lib/gcc/arm-none-eabi/7.3.1/../../../../arm-none-eabi/lib/thumb/v7e-m/fpv4-sp/hard\libc_nano.a(lib_a-errno.o)
                              Core/Src/syscalls.o (__errno)
d:/ac6/systemworkbench/plugins/fr.ac6.mcu.externaltools.arm-none.win32_1.17.0.201812190825/tools/compiler/bin/../lib/gcc/arm-none-eabi/7.3.1/../../../../arm-none-eabi/lib/thumb/v7e-m/fpv4-sp/hard\libc_nano.a(lib_a-exit.o)
                              d:/ac6/systemworkbench/plugins/fr.ac6.mcu.externaltools.arm-none.win32_1.17.0.201812190825/tools/compiler/bin/../lib/gcc/arm-none-eabi/7.3.1/../../../../arm-none-eabi/lib/thumb/v7e-m/fpv4-sp/hard/crt0.o (exit)
d:/ac6/systemworkbench/plugins/fr.ac6.mcu.externaltools.arm-none.win32_1.17.0.201812190825/tools/compiler/bin/../lib/gcc/arm-none-eabi/7.3.1/../../../../arm-none-eabi/lib/thumb/v7e-m/fpv4-sp/hard\libc_nano.a(lib_a-impure.o)
                              d:/ac6/systemworkbench/plugins/fr.ac6.mcu.externaltools.arm-none.win32_1.17.0.201812190825/tools/compiler/bin/../lib/gcc/arm-none-eabi/7.3.1/../../../../arm-none-eabi/lib/thumb/v7e-m/fpv4-sp/hard\libc_nano.a(lib_a-exit.o) (_global_impure_ptr)
d:/ac6/systemworkbench/plugins/fr.ac6.mcu.externaltools.arm-none.win32_1.17.0.201812190825/tools/compiler/bin/../lib/gcc/arm-none-eabi/7.3.1/../../../../arm-none-eabi/lib/thumb/v7e-m/fpv4-sp/hard\libc_nano.a(lib_a-init.o)
                              d:/ac6/systemworkbench/plugins/fr.ac6.mcu.externaltools.arm-none.win32_1.17.0.201812190825/tools/compiler/bin/../lib/gcc/arm-none-eabi/7.3.1/../../../../arm-none-eabi/lib/thumb/v7e-m/fpv4-sp/hard/crt0.o (__libc_init_array)
d:/ac6/systemworkbench/plugins/fr.ac6.mcu.externaltools.arm-none.win32_1.17.0.201812190825/tools/compiler/bin/../lib/gcc/arm-none-eabi/7.3.1/../../../../arm-none-eabi/lib/thumb/v7e-m/fpv4-sp/hard\libc_nano.a(lib_a-memset.o)
                              d:/ac6/systemworkbench/plugins/fr.ac6.mcu.externaltools.arm-none.win32_1.17.0.201812190825/tools/compiler/bin/../lib/gcc/arm-none-eabi/7.3.1/../../../../arm-none-eabi/lib/thumb/v7e-m/fpv4-sp/hard/crt0.o (memset)

Allocating common symbols
Common symbol       size              file

htim4               0x4c              Core/Src/main.o
hdac1               0x14              Core/Src/main.o
uwTick              0x4               Drivers/STM32L4xx_HAL_Driver/Src/stm32l4xx_hal.o
hdma_dac_ch1        0x48              Core/Src/main.o
huart1              0x80              Core/Src/main.o
htim6               0x4c              Core/Src/main.o
hdma_dac_ch2        0x48              Core/Src/main.o
aRxBuffer           0x2               Core/Src/main.o
huart2              0x80              Core/Src/main.o
htim7               0x4c              Core/Src/main.o

Discarded input sections

[...]
Memory Configuration

Name             Origin             Length             Attributes
RAM              0x20000000         0x00018000         xrw
RAM2             0x10000000         0x00008000         xrw
FLASH            0x08000000         0x00100000         xr
*default*        0x00000000         0xffffffff

Linker script and memory map

LOAD d:/ac6/systemworkbench/plugins/fr.ac6.mcu.externaltools.arm-none.win32_1.17.0.201812190825/tools/compiler/bin/../lib/gcc/arm-none-eabi/7.3.1/thumb/v7e-m/fpv4-sp/hard/crti.o
LOAD d:/ac6/systemworkbench/plugins/fr.ac6.mcu.externaltools.arm-none.win32_1.17.0.201812190825/tools/compiler/bin/../lib/gcc/arm-none-eabi/7.3.1/thumb/v7e-m/fpv4-sp/hard/crtbegin.o
LOAD d:/ac6/systemworkbench/plugins/fr.ac6.mcu.externaltools.arm-none.win32_1.17.0.201812190825/tools/compiler/bin/../lib/gcc/arm-none-eabi/7.3.1/../../../../arm-none-eabi/lib/thumb/v7e-m/fpv4-sp/hard/crt0.o
LOAD Core/Src/main.o
LOAD Core/Src/stm32l4xx_hal_msp.o
LOAD Core/Src/stm32l4xx_it.o
LOAD Core/Src/syscalls.o
LOAD Core/Src/system_stm32l4xx.o
LOAD Drivers/STM32L4xx_HAL_Driver/Src/stm32l4xx_hal.o
LOAD Drivers/STM32L4xx_HAL_Driver/Src/stm32l4xx_hal_cortex.o
LOAD Drivers/STM32L4xx_HAL_Driver/Src/stm32l4xx_hal_dac.o
LOAD Drivers/STM32L4xx_HAL_Driver/Src/stm32l4xx_hal_dac_ex.o
LOAD Drivers/STM32L4xx_HAL_Driver/Src/stm32l4xx_hal_dma.o
LOAD Drivers/STM32L4xx_HAL_Driver/Src/stm32l4xx_hal_dma_ex.o
LOAD Drivers/STM32L4xx_HAL_Driver/Src/stm32l4xx_hal_exti.o
LOAD Drivers/STM32L4xx_HAL_Driver/Src/stm32l4xx_hal_flash.o
LOAD Drivers/STM32L4xx_HAL_Driver/Src/stm32l4xx_hal_flash_ex.o
LOAD Drivers/STM32L4xx_HAL_Driver/Src/stm32l4xx_hal_flash_ramfunc.o
LOAD Drivers/STM32L4xx_HAL_Driver/Src/stm32l4xx_hal_gpio.o
LOAD Drivers/STM32L4xx_HAL_Driver/Src/stm32l4xx_hal_i2c.o
LOAD Drivers/STM32L4xx_HAL_Driver/Src/stm32l4xx_hal_i2c_ex.o
LOAD Drivers/STM32L4xx_HAL_Driver/Src/stm32l4xx_hal_pwr.o
LOAD Drivers/STM32L4xx_HAL_Driver/Src/stm32l4xx_hal_pwr_ex.o
LOAD Drivers/STM32L4xx_HAL_Driver/Src/stm32l4xx_hal_rcc.o
LOAD Drivers/STM32L4xx_HAL_Driver/Src/stm32l4xx_hal_rcc_ex.o
LOAD Drivers/STM32L4xx_HAL_Driver/Src/stm32l4xx_hal_tim.o
LOAD Drivers/STM32L4xx_HAL_Driver/Src/stm32l4xx_hal_tim_ex.o
LOAD Drivers/STM32L4xx_HAL_Driver/Src/stm32l4xx_hal_uart.o
LOAD Drivers/STM32L4xx_HAL_Driver/Src/stm32l4xx_hal_uart_ex.o
LOAD startup/startup_stm32l476xx.o
LOAD d:/ac6/systemworkbench/plugins/fr.ac6.mcu.externaltools.arm-none.win32_1.17.0.201812190825/tools/compiler/bin/../lib/gcc/arm-none-eabi/7.3.1/../../../../arm-none-eabi/lib/thumb/v7e-m/fpv4-sp/hard\libm.a
START GROUP
LOAD d:/ac6/systemworkbench/plugins/fr.ac6.mcu.externaltools.arm-none.win32_1.17.0.201812190825/tools/compiler/bin/../lib/gcc/arm-none-eabi/7.3.1/thumb/v7e-m/fpv4-sp/hard\libgcc.a
LOAD d:/ac6/systemworkbench/plugins/fr.ac6.mcu.externaltools.arm-none.win32_1.17.0.201812190825/tools/compiler/bin/../lib/gcc/arm-none-eabi/7.3.1/../../../../arm-none-eabi/lib/thumb/v7e-m/fpv4-sp/hard\libc_nano.a
END GROUP
START GROUP
LOAD d:/ac6/systemworkbench/plugins/fr.ac6.mcu.externaltools.arm-none.win32_1.17.0.201812190825/tools/compiler/bin/../lib/gcc/arm-none-eabi/7.3.1/thumb/v7e-m/fpv4-sp/hard\libgcc.a
LOAD d:/ac6/systemworkbench/plugins/fr.ac6.mcu.externaltools.arm-none.win32_1.17.0.201812190825/tools/compiler/bin/../lib/gcc/arm-none-eabi/7.3.1/../../../../arm-none-eabi/lib/thumb/v7e-m/fpv4-sp/hard\libc_nano.a
LOAD d:/ac6/systemworkbench/plugins/fr.ac6.mcu.externaltools.arm-none.win32_1.17.0.201812190825/tools/compiler/bin/../lib/gcc/arm-none-eabi/7.3.1/../../../../arm-none-eabi/lib/thumb/v7e-m/fpv4-sp/hard\libnosys.a
END GROUP
START GROUP
LOAD d:/ac6/systemworkbench/plugins/fr.ac6.mcu.externaltools.arm-none.win32_1.17.0.201812190825/tools/compiler/bin/../lib/gcc/arm-none-eabi/7.3.1/thumb/v7e-m/fpv4-sp/hard\libgcc.a
LOAD d:/ac6/systemworkbench/plugins/fr.ac6.mcu.externaltools.arm-none.win32_1.17.0.201812190825/tools/compiler/bin/../lib/gcc/arm-none-eabi/7.3.1/../../../../arm-none-eabi/lib/thumb/v7e-m/fpv4-sp/hard\libc_nano.a
LOAD d:/ac6/systemworkbench/plugins/fr.ac6.mcu.externaltools.arm-none.win32_1.17.0.201812190825/tools/compiler/bin/../lib/gcc/arm-none-eabi/7.3.1/../../../../arm-none-eabi/lib/thumb/v7e-m/fpv4-sp/hard\libnosys.a
END GROUP
LOAD d:/ac6/systemworkbench/plugins/fr.ac6.mcu.externaltools.arm-none.win32_1.17.0.201812190825/tools/compiler/bin/../lib/gcc/arm-none-eabi/7.3.1/thumb/v7e-m/fpv4-sp/hard/crtend.o
LOAD d:/ac6/systemworkbench/plugins/fr.ac6.mcu.externaltools.arm-none.win32_1.17.0.201812190825/tools/compiler/bin/../lib/gcc/arm-none-eabi/7.3.1/thumb/v7e-m/fpv4-sp/hard/crtn.o
                0x20018000                _estack = 0x20018000
                0x00000200                _Min_Heap_Size = 0x200
                0x00000400                _Min_Stack_Size = 0x400

.isr_vector     0x08000000      0x188
                0x08000000                . = ALIGN (0x8)
 *(.isr_vector)
 .isr_vector    0x08000000      0x188 startup/startup_stm32l476xx.o
                0x08000000                g_pfnVectors
                0x08000188                . = ALIGN (0x8)

.text           0x08000188     0x4458
                0x08000188                . = ALIGN (0x8)
 *(.text)
 .text          0x08000188       0x40 d:/ac6/systemworkbench/plugins/fr.ac6.mcu.externaltools.arm-none.win32_1.17.0.201812190825/tools/compiler/bin/../lib/gcc/arm-none-eabi/7.3.1/thumb/v7e-m/fpv4-sp/hard/crtbegin.o
 .text          0x080001c8      0x378 d:/ac6/systemworkbench/plugins/fr.ac6.mcu.externaltools.arm-none.win32_1.17.0.201812190825/tools/compiler/bin/../lib/gcc/arm-none-eabi/7.3.1/thumb/v7e-m/fpv4-sp/hard\libgcc.a(_arm_addsubdf3.o)
                0x080001c8                __aeabi_drsub
                0x080001d0                __aeabi_dsub
                0x080001d0                __subdf3
                0x080001d4                __aeabi_dadd
                0x080001d4                __adddf3
                0x0800044c                __floatunsidf
                0x0800044c                __aeabi_ui2d
                0x0800046c                __floatsidf
                0x0800046c                __aeabi_i2d
                0x08000490                __aeabi_f2d
                0x08000490                __extendsfdf2
                0x080004d4                __floatundidf
                0x080004d4                __aeabi_ul2d
                0x080004e4                __floatdidf
                0x080004e4                __aeabi_l2d
 .text          0x08000540      0x424 d:/ac6/systemworkbench/plugins/fr.ac6.mcu.externaltools.arm-none.win32_1.17.0.201812190825/tools/compiler/bin/../lib/gcc/arm-none-eabi/7.3.1/thumb/v7e-m/fpv4-sp/hard\libgcc.a(_arm_muldivdf3.o)
                0x08000540                __aeabi_dmul
                0x08000540                __muldf3
                0x08000794                __divdf3
                0x08000794                __aeabi_ddiv
 .text          0x08000964       0x50 d:/ac6/systemworkbench/plugins/fr.ac6.mcu.externaltools.arm-none.win32_1.17.0.201812190825/tools/compiler/bin/../lib/gcc/arm-none-eabi/7.3.1/thumb/v7e-m/fpv4-sp/hard\libgcc.a(_arm_fixdfsi.o)
                0x08000964                __aeabi_d2iz
                0x08000964                __fixdfsi
 .text          0x080009b4       0x30 d:/ac6/systemworkbench/plugins/fr.ac6.mcu.externaltools.arm-none.win32_1.17.0.201812190825/tools/compiler/bin/../lib/gcc/arm-none-eabi/7.3.1/thumb/v7e-m/fpv4-sp/hard\libgcc.a(_aeabi_uldivmod.o)
                0x080009b4                __aeabi_uldivmod
 .text          0x080009e4      0x2cc d:/ac6/systemworkbench/plugins/fr.ac6.mcu.externaltools.arm-none.win32_1.17.0.201812190825/tools/compiler/bin/../lib/gcc/arm-none-eabi/7.3.1/thumb/v7e-m/fpv4-sp/hard\libgcc.a(_udivmoddi4.o)
                0x080009e4                __udivmoddi4
 .text          0x08000cb0        0x4 d:/ac6/systemworkbench/plugins/fr.ac6.mcu.externaltools.arm-none.win32_1.17.0.201812190825/tools/compiler/bin/../lib/gcc/arm-none-eabi/7.3.1/thumb/v7e-m/fpv4-sp/hard\libgcc.a(_dvmd_tls.o)
                0x08000cb0                __aeabi_idiv0
                0x08000cb0                __aeabi_ldiv0
 *(.text*)
 .text.MX_GPIO_Init
                0x08000cb4       0x7c Core/Src/main.o
 .text.MX_DMA_Init
                0x08000d30       0x44 Core/Src/main.o
 *fill*         0x08000d74        0x4 
 .text.HAL_UART_RxCpltCallback
                0x08000d78      0x390 Core/Src/main.o
                0x08000d78                HAL_UART_RxCpltCallback
 .text.Error_Handler
                0x08001108        0x4 Core/Src/main.o
                0x08001108                Error_Handler
 .text.MX_DAC1_Init
                0x0800110c       0x64 Core/Src/main.o
 .text.MX_USART2_UART_Init
                0x08001170       0x38 Core/Src/main.o
 .text.MX_TIM4_Init
                0x080011a8       0x80 Core/Src/main.o
 .text.MX_USART1_UART_Init
                0x08001228       0x44 Core/Src/main.o
 .text.MX_TIM6_Init
                0x0800126c       0x4c Core/Src/main.o
 .text.MX_TIM7_Init
                0x080012b8       0x4c Core/Src/main.o
 .text.SystemClock_Config
                0x08001304       0x98 Core/Src/main.o
                0x08001304                SystemClock_Config
 .text.main     0x0800139c      0x170 Core/Src/main.o
                0x0800139c                main
 .text.HAL_MspInit
                0x0800150c       0x30 Core/Src/stm32l4xx_hal_msp.o
                0x0800150c                HAL_MspInit
 .text.HAL_DAC_MspInit
                0x0800153c       0xe4 Core/Src/stm32l4xx_hal_msp.o
                0x0800153c                HAL_DAC_MspInit
 .text.HAL_TIM_PWM_MspInit
                0x08001620       0x2c Core/Src/stm32l4xx_hal_msp.o
                0x08001620                HAL_TIM_PWM_MspInit
 .text.HAL_TIM_Base_MspInit
                0x0800164c       0x4c Core/Src/stm32l4xx_hal_msp.o
                0x0800164c                HAL_TIM_Base_MspInit
 .text.HAL_TIM_MspPostInit
                0x08001698       0x50 Core/Src/stm32l4xx_hal_msp.o
                0x08001698                HAL_TIM_MspPostInit
 .text.HAL_UART_MspInit
                0x080016e8       0xc8 Core/Src/stm32l4xx_hal_msp.o
                0x080016e8                HAL_UART_MspInit
 .text.NMI_Handler
                0x080017b0        0x2 Core/Src/stm32l4xx_it.o
                0x080017b0                NMI_Handler
 .text.HardFault_Handler
                0x080017b2        0x2 Core/Src/stm32l4xx_it.o
                0x080017b2                HardFault_Handler
 .text.MemManage_Handler
                0x080017b4        0x2 Core/Src/stm32l4xx_it.o
                0x080017b4                MemManage_Handler
 .text.BusFault_Handler
                0x080017b6        0x2 Core/Src/stm32l4xx_it.o
                0x080017b6                BusFault_Handler
 .text.UsageFault_Handler
                0x080017b8        0x2 Core/Src/stm32l4xx_it.o
                0x080017b8                UsageFault_Handler
 .text.SVC_Handler
                0x080017ba        0x2 Core/Src/stm32l4xx_it.o
                0x080017ba                SVC_Handler
 .text.DebugMon_Handler
                0x080017bc        0x2 Core/Src/stm32l4xx_it.o
                0x080017bc                DebugMon_Handler
 .text.PendSV_Handler
                0x080017be        0x2 Core/Src/stm32l4xx_it.o
                0x080017be                PendSV_Handler
 .text.SysTick_Handler
                0x080017c0        0x8 Core/Src/stm32l4xx_it.o
                0x080017c0                SysTick_Handler
 .text.DMA1_Channel3_IRQHandler
                0x080017c8       0x10 Core/Src/stm32l4xx_it.o
                0x080017c8                DMA1_Channel3_IRQHandler
 .text.DMA1_Channel4_IRQHandler
                0x080017d8       0x10 Core/Src/stm32l4xx_it.o
                0x080017d8                DMA1_Channel4_IRQHandler
 .text.USART1_IRQHandler
                0x080017e8       0x10 Core/Src/stm32l4xx_it.o
                0x080017e8                USART1_IRQHandler
 .text.SystemInit
                0x080017f8       0x48 Core/Src/system_stm32l4xx.o
                0x080017f8                SystemInit
 .text.HAL_InitTick
                0x08001840       0x4c Drivers/STM32L4xx_HAL_Driver/Src/stm32l4xx_hal.o
                0x08001840                HAL_InitTick
 .text.HAL_Init
                0x0800188c       0x2c Drivers/STM32L4xx_HAL_Driver/Src/stm32l4xx_hal.o
                0x0800188c                HAL_Init
 .text.HAL_IncTick
                0x080018b8       0x18 Drivers/STM32L4xx_HAL_Driver/Src/stm32l4xx_hal.o
                0x080018b8                HAL_IncTick
 .text.HAL_GetTick
                0x080018d0        0xc Drivers/STM32L4xx_HAL_Driver/Src/stm32l4xx_hal.o
                0x080018d0                HAL_GetTick
 .text.HAL_Delay
                0x080018dc       0x28 Drivers/STM32L4xx_HAL_Driver/Src/stm32l4xx_hal.o
                0x080018dc                HAL_Delay
 .text.HAL_NVIC_SetPriorityGrouping
                0x08001904       0x24 Drivers/STM32L4xx_HAL_Driver/Src/stm32l4xx_hal_cortex.o
                0x08001904                HAL_NVIC_SetPriorityGrouping
 .text.HAL_NVIC_SetPriority
                0x08001928       0x68 Drivers/STM32L4xx_HAL_Driver/Src/stm32l4xx_hal_cortex.o
                0x08001928                HAL_NVIC_SetPriority
 .text.HAL_NVIC_EnableIRQ
                0x08001990       0x1c Drivers/STM32L4xx_HAL_Driver/Src/stm32l4xx_hal_cortex.o
                0x08001990                HAL_NVIC_EnableIRQ
 .text.HAL_SYSTICK_Config
                0x080019ac       0x2c Drivers/STM32L4xx_HAL_Driver/Src/stm32l4xx_hal_cortex.o
                0x080019ac                HAL_SYSTICK_Config
 .text.HAL_DAC_Init
                0x080019d8       0x24 Drivers/STM32L4xx_HAL_Driver/Src/stm32l4xx_hal_dac.o
                0x080019d8                HAL_DAC_Init
 .text.HAL_DAC_Start
                0x080019fc       0x60 Drivers/STM32L4xx_HAL_Driver/Src/stm32l4xx_hal_dac.o
                0x080019fc                HAL_DAC_Start
 .text.HAL_DAC_Start_DMA
                0x08001a5c      0x104 Drivers/STM32L4xx_HAL_Driver/Src/stm32l4xx_hal_dac.o
                0x08001a5c                HAL_DAC_Start_DMA
 .text.HAL_DAC_ConvCpltCallbackCh1
                0x08001b60        0x2 Drivers/STM32L4xx_HAL_Driver/Src/stm32l4xx_hal_dac.o
                0x08001b60                HAL_DAC_ConvCpltCallbackCh1
 .text.DAC_DMAConvCpltCh1
                0x08001b62       0x10 Drivers/STM32L4xx_HAL_Driver/Src/stm32l4xx_hal_dac.o
                0x08001b62                DAC_DMAConvCpltCh1
 .text.HAL_DAC_ConvHalfCpltCallbackCh1
                0x08001b72        0x2 Drivers/STM32L4xx_HAL_Driver/Src/stm32l4xx_hal_dac.o
                0x08001b72                HAL_DAC_ConvHalfCpltCallbackCh1
 .text.DAC_DMAHalfConvCpltCh1
                0x08001b74        0xa Drivers/STM32L4xx_HAL_Driver/Src/stm32l4xx_hal_dac.o
                0x08001b74                DAC_DMAHalfConvCpltCh1
 .text.HAL_DAC_ErrorCallbackCh1
                0x08001b7e        0x2 Drivers/STM32L4xx_HAL_Driver/Src/stm32l4xx_hal_dac.o
                0x08001b7e                HAL_DAC_ErrorCallbackCh1
 .text.DAC_DMAErrorCh1
                0x08001b80       0x18 Drivers/STM32L4xx_HAL_Driver/Src/stm32l4xx_hal_dac.o
                0x08001b80                DAC_DMAErrorCh1
 .text.HAL_DAC_ConfigChannel
                0x08001b98      0x138 Drivers/STM32L4xx_HAL_Driver/Src/stm32l4xx_hal_dac.o
                0x08001b98                HAL_DAC_ConfigChannel
 .text.HAL_DACEx_ConvCpltCallbackCh2
                0x08001cd0        0x2 Drivers/STM32L4xx_HAL_Driver/Src/stm32l4xx_hal_dac_ex.o
                0x08001cd0                HAL_DACEx_ConvCpltCallbackCh2
 .text.HAL_DACEx_ConvHalfCpltCallbackCh2
                0x08001cd2        0x2 Drivers/STM32L4xx_HAL_Driver/Src/stm32l4xx_hal_dac_ex.o
                0x08001cd2                HAL_DACEx_ConvHalfCpltCallbackCh2
 .text.HAL_DACEx_ErrorCallbackCh2
                0x08001cd4        0x2 Drivers/STM32L4xx_HAL_Driver/Src/stm32l4xx_hal_dac_ex.o
                0x08001cd4                HAL_DACEx_ErrorCallbackCh2
 .text.DAC_DMAConvCpltCh2
                0x08001cd6       0x10 Drivers/STM32L4xx_HAL_Driver/Src/stm32l4xx_hal_dac_ex.o
                0x08001cd6                DAC_DMAConvCpltCh2
 .text.DAC_DMAHalfConvCpltCh2
                0x08001ce6        0xa Drivers/STM32L4xx_HAL_Driver/Src/stm32l4xx_hal_dac_ex.o
                0x08001ce6                DAC_DMAHalfConvCpltCh2
 .text.DAC_DMAErrorCh2
                0x08001cf0       0x18 Drivers/STM32L4xx_HAL_Driver/Src/stm32l4xx_hal_dac_ex.o
                0x08001cf0                DAC_DMAErrorCh2
 .text.DMA_SetConfig
                0x08001d08       0x30 Drivers/STM32L4xx_HAL_Driver/Src/stm32l4xx_hal_dma.o
 .text.HAL_DMA_Init
                0x08001d38       0xf8 Drivers/STM32L4xx_HAL_Driver/Src/stm32l4xx_hal_dma.o
                0x08001d38                HAL_DMA_Init
 .text.HAL_DMA_Start_IT
                0x08001e30       0x76 Drivers/STM32L4xx_HAL_Driver/Src/stm32l4xx_hal_dma.o
                0x08001e30                HAL_DMA_Start_IT
 .text.HAL_DMA_Abort_IT
                0x08001ea6       0x50 Drivers/STM32L4xx_HAL_Driver/Src/stm32l4xx_hal_dma.o
                0x08001ea6                HAL_DMA_Abort_IT
 .text.HAL_DMA_IRQHandler
                0x08001ef6       0xc4 Drivers/STM32L4xx_HAL_Driver/Src/stm32l4xx_hal_dma.o
                0x08001ef6                HAL_DMA_IRQHandler
 *fill*         0x08001fba        0x2 
 .text.HAL_GPIO_Init
                0x08001fbc      0x1c8 Drivers/STM32L4xx_HAL_Driver/Src/stm32l4xx_hal_gpio.o
                0x08001fbc                HAL_GPIO_Init
 .text.HAL_PWREx_GetVoltageRange
                0x08002184       0x10 Drivers/STM32L4xx_HAL_Driver/Src/stm32l4xx_hal_pwr_ex.o
                0x08002184                HAL_PWREx_GetVoltageRange
 .text.HAL_PWREx_ControlVoltageScaling
                0x08002194       0x90 Drivers/STM32L4xx_HAL_Driver/Src/stm32l4xx_hal_pwr_ex.o
                0x08002194                HAL_PWREx_ControlVoltageScaling
 .text.RCC_SetFlashLatencyFromMSIRange
                0x08002224       0x90 Drivers/STM32L4xx_HAL_Driver/Src/stm32l4xx_hal_rcc.o
 .text.HAL_RCC_GetSysClockFreq
                0x080022b4       0xb4 Drivers/STM32L4xx_HAL_Driver/Src/stm32l4xx_hal_rcc.o
                0x080022b4                HAL_RCC_GetSysClockFreq
 .text.HAL_RCC_OscConfig
                0x08002368      0x638 Drivers/STM32L4xx_HAL_Driver/Src/stm32l4xx_hal_rcc.o
                0x08002368                HAL_RCC_OscConfig
 .text.HAL_RCC_ClockConfig
                0x080029a0      0x158 Drivers/STM32L4xx_HAL_Driver/Src/stm32l4xx_hal_rcc.o
                0x080029a0                HAL_RCC_ClockConfig
 .text.HAL_RCC_GetHCLKFreq
                0x08002af8        0xc Drivers/STM32L4xx_HAL_Driver/Src/stm32l4xx_hal_rcc.o
                0x08002af8                HAL_RCC_GetHCLKFreq
 .text.HAL_RCC_GetPCLK1Freq
                0x08002b04       0x24 Drivers/STM32L4xx_HAL_Driver/Src/stm32l4xx_hal_rcc.o
                0x08002b04                HAL_RCC_GetPCLK1Freq
 .text.HAL_RCC_GetPCLK2Freq
                0x08002b28       0x24 Drivers/STM32L4xx_HAL_Driver/Src/stm32l4xx_hal_rcc.o
                0x08002b28                HAL_RCC_GetPCLK2Freq
 .text.RCCEx_PLLSAI1_Config
                0x08002b4c      0x170 Drivers/STM32L4xx_HAL_Driver/Src/stm32l4xx_hal_rcc_ex.o
 .text.RCCEx_PLLSAI2_Config
                0x08002cbc      0x14c Drivers/STM32L4xx_HAL_Driver/Src/stm32l4xx_hal_rcc_ex.o
 .text.HAL_RCCEx_PeriphCLKConfig
                0x08002e08      0x450 Drivers/STM32L4xx_HAL_Driver/Src/stm32l4xx_hal_rcc_ex.o
                0x08002e08                HAL_RCCEx_PeriphCLKConfig
 .text.TIM_OC1_SetConfig
                0x08003258       0x9c Drivers/STM32L4xx_HAL_Driver/Src/stm32l4xx_hal_tim.o
 .text.TIM_OC3_SetConfig
                0x080032f4       0x8c Drivers/STM32L4xx_HAL_Driver/Src/stm32l4xx_hal_tim.o
 .text.TIM_OC4_SetConfig
                0x08003380       0x6c Drivers/STM32L4xx_HAL_Driver/Src/stm32l4xx_hal_tim.o
 .text.TIM_OC5_SetConfig
                0x080033ec       0x68 Drivers/STM32L4xx_HAL_Driver/Src/stm32l4xx_hal_tim.o
 .text.TIM_OC6_SetConfig
                0x08003454       0x6c Drivers/STM32L4xx_HAL_Driver/Src/stm32l4xx_hal_tim.o
 .text.HAL_TIM_Base_Start
                0x080034c0       0x84 Drivers/STM32L4xx_HAL_Driver/Src/stm32l4xx_hal_tim.o
                0x080034c0                HAL_TIM_Base_Start
 .text.HAL_TIM_Base_Stop
                0x08003544       0x28 Drivers/STM32L4xx_HAL_Driver/Src/stm32l4xx_hal_tim.o
                0x08003544                HAL_TIM_Base_Stop
 .text.TIM_Base_SetConfig
                0x0800356c       0xc8 Drivers/STM32L4xx_HAL_Driver/Src/stm32l4xx_hal_tim.o
                0x0800356c                TIM_Base_SetConfig
 .text.HAL_TIM_Base_Init
                0x08003634       0x5e Drivers/STM32L4xx_HAL_Driver/Src/stm32l4xx_hal_tim.o
                0x08003634                HAL_TIM_Base_Init
 .text.HAL_TIM_PWM_Init
                0x08003692       0x5e Drivers/STM32L4xx_HAL_Driver/Src/stm32l4xx_hal_tim.o
                0x08003692                HAL_TIM_PWM_Init
 .text.TIM_OC2_SetConfig
                0x080036f0       0x8c Drivers/STM32L4xx_HAL_Driver/Src/stm32l4xx_hal_tim.o
                0x080036f0                TIM_OC2_SetConfig
 .text.HAL_TIM_PWM_ConfigChannel
                0x0800377c      0x128 Drivers/STM32L4xx_HAL_Driver/Src/stm32l4xx_hal_tim.o
                0x0800377c                HAL_TIM_PWM_ConfigChannel
 .text.TIM_CCxChannelCmd
                0x080038a4       0x22 Drivers/STM32L4xx_HAL_Driver/Src/stm32l4xx_hal_tim.o
                0x080038a4                TIM_CCxChannelCmd
 *fill*         0x080038c6        0x2 
 .text.HAL_TIM_PWM_Start
                0x080038c8      0x16c Drivers/STM32L4xx_HAL_Driver/Src/stm32l4xx_hal_tim.o
                0x080038c8                HAL_TIM_PWM_Start
 .text.HAL_TIM_PWM_Stop
                0x08003a34       0xb8 Drivers/STM32L4xx_HAL_Driver/Src/stm32l4xx_hal_tim.o
                0x08003a34                HAL_TIM_PWM_Stop
 .text.HAL_TIMEx_MasterConfigSynchronization
                0x08003aec       0x98 Drivers/STM32L4xx_HAL_Driver/Src/stm32l4xx_hal_tim_ex.o
                0x08003aec                HAL_TIMEx_MasterConfigSynchronization
 .text.UART_EndRxTransfer
                0x08003b84       0x1e Drivers/STM32L4xx_HAL_Driver/Src/stm32l4xx_hal_uart.o
 *fill*         0x08003ba2        0x2 
 .text.HAL_UART_Receive_IT
                0x08003ba4       0xd4 Drivers/STM32L4xx_HAL_Driver/Src/stm32l4xx_hal_uart.o
                0x08003ba4                HAL_UART_Receive_IT
 .text.HAL_UART_TxCpltCallback
                0x08003c78        0x2 Drivers/STM32L4xx_HAL_Driver/Src/stm32l4xx_hal_uart.o
                0x08003c78                HAL_UART_TxCpltCallback
 .text.UART_EndTransmit_IT
                0x08003c7a       0x1a Drivers/STM32L4xx_HAL_Driver/Src/stm32l4xx_hal_uart.o
 .text.UART_RxISR_8BIT
                0x08003c94       0x62 Drivers/STM32L4xx_HAL_Driver/Src/stm32l4xx_hal_uart.o
 .text.UART_RxISR_16BIT
                0x08003cf6       0x60 Drivers/STM32L4xx_HAL_Driver/Src/stm32l4xx_hal_uart.o
 .text.HAL_UART_ErrorCallback
                0x08003d56        0x2 Drivers/STM32L4xx_HAL_Driver/Src/stm32l4xx_hal_uart.o
                0x08003d56                HAL_UART_ErrorCallback
 .text.HAL_UART_IRQHandler
                0x08003d58      0x17c Drivers/STM32L4xx_HAL_Driver/Src/stm32l4xx_hal_uart.o
                0x08003d58                HAL_UART_IRQHandler
 .text.UART_DMAAbortOnError
                0x08003ed4       0x14 Drivers/STM32L4xx_HAL_Driver/Src/stm32l4xx_hal_uart.o
 .text.UART_SetConfig
                0x08003ee8      0x324 Drivers/STM32L4xx_HAL_Driver/Src/stm32l4xx_hal_uart.o
                0x08003ee8                UART_SetConfig
 .text.UART_AdvFeatureConfig
                0x0800420c       0xca Drivers/STM32L4xx_HAL_Driver/Src/stm32l4xx_hal_uart.o
                0x0800420c                UART_AdvFeatureConfig
 .text.UART_WaitOnFlagUntilTimeout
                0x080042d6       0x9c Drivers/STM32L4xx_HAL_Driver/Src/stm32l4xx_hal_uart.o
                0x080042d6                UART_WaitOnFlagUntilTimeout
 .text.HAL_UART_Transmit
                0x08004372       0xd8 Drivers/STM32L4xx_HAL_Driver/Src/stm32l4xx_hal_uart.o
                0x08004372                HAL_UART_Transmit
 .text.UART_CheckIdleState
                0x0800444a       0x6c Drivers/STM32L4xx_HAL_Driver/Src/stm32l4xx_hal_uart.o
                0x0800444a                UART_CheckIdleState
 .text.HAL_UART_Init
                0x080044b6       0x62 Drivers/STM32L4xx_HAL_Driver/Src/stm32l4xx_hal_uart.o
                0x080044b6                HAL_UART_Init
 .text.HAL_UARTEx_WakeupCallback
                0x08004518        0x2 Drivers/STM32L4xx_HAL_Driver/Src/stm32l4xx_hal_uart_ex.o
                0x08004518                HAL_UARTEx_WakeupCallback
 *fill*         0x0800451a        0x2 
 .text.Reset_Handler
                0x0800451c       0x50 startup/startup_stm32l476xx.o
                0x0800451c                Reset_Handler
 .text.Default_Handler
                0x0800456c        0x2 startup/startup_stm32l476xx.o
                0x0800456c                RTC_Alarm_IRQHandler
                0x0800456c                EXTI2_IRQHandler
                0x0800456c                TIM8_TRG_COM_IRQHandler
                0x0800456c                TIM8_CC_IRQHandler
                0x0800456c                TIM1_CC_IRQHandler
                0x0800456c                TSC_IRQHandler
                0x0800456c                TAMP_STAMP_IRQHandler
                0x0800456c                EXTI3_IRQHandler
                0x0800456c                LPTIM2_IRQHandler
                0x0800456c                DFSDM1_FLT1_IRQHandler
                0x0800456c                I2C3_ER_IRQHandler
                0x0800456c                DFSDM1_FLT2_IRQHandler
                0x0800456c                EXTI0_IRQHandler
                0x0800456c                I2C2_EV_IRQHandler
                0x0800456c                CAN1_RX0_IRQHandler
                0x0800456c                FPU_IRQHandler
                0x0800456c                TIM1_UP_TIM16_IRQHandler
                0x0800456c                ADC1_2_IRQHandler
                0x0800456c                SPI1_IRQHandler
                0x0800456c                TIM6_DAC_IRQHandler
                0x0800456c                TIM8_UP_IRQHandler
                0x0800456c                DMA2_Channel2_IRQHandler
                0x0800456c                SAI2_IRQHandler
                0x0800456c                DFSDM1_FLT3_IRQHandler
                0x0800456c                USART3_IRQHandler
                0x0800456c                DMA1_Channel7_IRQHandler
                0x0800456c                CAN1_RX1_IRQHandler
                0x0800456c                LCD_IRQHandler
                0x0800456c                UART5_IRQHandler
                0x0800456c                ADC3_IRQHandler
                0x0800456c                TIM4_IRQHandler
                0x0800456c                DMA2_Channel1_IRQHandler
                0x0800456c                QUADSPI_IRQHandler
                0x0800456c                I2C1_EV_IRQHandler
                0x0800456c                DMA1_Channel6_IRQHandler
                0x0800456c                UART4_IRQHandler
                0x0800456c                DMA2_Channel4_IRQHandler
                0x0800456c                TIM3_IRQHandler
                0x0800456c                RCC_IRQHandler
                0x0800456c                DMA1_Channel1_IRQHandler
                0x0800456c                Default_Handler
                0x0800456c                DMA2_Channel7_IRQHandler
                0x0800456c                EXTI15_10_IRQHandler
                0x0800456c                TIM7_IRQHandler
                0x0800456c                SDMMC1_IRQHandler
                0x0800456c                TIM5_IRQHandler
                0x0800456c                I2C3_EV_IRQHandler
                0x0800456c                EXTI9_5_IRQHandler
                0x0800456c                RTC_WKUP_IRQHandler
                0x0800456c                PVD_PVM_IRQHandler
                0x0800456c                SPI2_IRQHandler
                0x0800456c                CAN1_TX_IRQHandler
                0x0800456c                DMA2_Channel5_IRQHandler
                0x0800456c                DMA1_Channel5_IRQHandler
                0x0800456c                EXTI4_IRQHandler
                0x0800456c                RNG_IRQHandler
                0x0800456c                TIM1_TRG_COM_TIM17_IRQHandler
                0x0800456c                COMP_IRQHandler
                0x0800456c                WWDG_IRQHandler
                0x0800456c                LPUART1_IRQHandler
                0x0800456c                DMA2_Channel6_IRQHandler
                0x0800456c                TIM2_IRQHandler
                0x0800456c                EXTI1_IRQHandler
                0x0800456c                USART2_IRQHandler
                0x0800456c                DFSDM1_FLT0_IRQHandler
                0x0800456c                I2C2_ER_IRQHandler
                0x0800456c                DMA1_Channel2_IRQHandler
                0x0800456c                TIM8_BRK_IRQHandler
                0x0800456c                CAN1_SCE_IRQHandler
                0x0800456c                FLASH_IRQHandler
                0x0800456c                OTG_FS_IRQHandler
                0x0800456c                SPI3_IRQHandler
                0x0800456c                I2C1_ER_IRQHandler
                0x0800456c                FMC_IRQHandler
                0x0800456c                SWPMI1_IRQHandler
                0x0800456c                LPTIM1_IRQHandler
                0x0800456c                SAI1_IRQHandler
                0x0800456c                DMA2_Channel3_IRQHandler
                0x0800456c                TIM1_BRK_TIM15_IRQHandler
 *fill*         0x0800456e        0x2 
 .text.__libc_init_array
                0x08004570       0x48 d:/ac6/systemworkbench/plugins/fr.ac6.mcu.externaltools.arm-none.win32_1.17.0.201812190825/tools/compiler/bin/../lib/gcc/arm-none-eabi/7.3.1/../../../../arm-none-eabi/lib/thumb/v7e-m/fpv4-sp/hard\libc_nano.a(lib_a-init.o)
                0x08004570                __libc_init_array
 .text.memset   0x080045b8       0x10 d:/ac6/systemworkbench/plugins/fr.ac6.mcu.externaltools.arm-none.win32_1.17.0.201812190825/tools/compiler/bin/../lib/gcc/arm-none-eabi/7.3.1/../../../../arm-none-eabi/lib/thumb/v7e-m/fpv4-sp/hard\libc_nano.a(lib_a-memset.o)
                0x080045b8                memset
 *(.glue_7)
 .glue_7        0x080045c8        0x0 linker stubs
 *(.glue_7t)
 .glue_7t       0x080045c8        0x0 linker stubs
 *(.eh_frame)
 .eh_frame      0x080045c8        0x0 d:/ac6/systemworkbench/plugins/fr.ac6.mcu.externaltools.arm-none.win32_1.17.0.201812190825/tools/compiler/bin/../lib/gcc/arm-none-eabi/7.3.1/thumb/v7e-m/fpv4-sp/hard/crtbegin.o
 *(.init)
 .init          0x080045c8        0x4 d:/ac6/systemworkbench/plugins/fr.ac6.mcu.externaltools.arm-none.win32_1.17.0.201812190825/tools/compiler/bin/../lib/gcc/arm-none-eabi/7.3.1/thumb/v7e-m/fpv4-sp/hard/crti.o
                0x080045c8                _init
 .init          0x080045cc        0x8 d:/ac6/systemworkbench/plugins/fr.ac6.mcu.externaltools.arm-none.win32_1.17.0.201812190825/tools/compiler/bin/../lib/gcc/arm-none-eabi/7.3.1/thumb/v7e-m/fpv4-sp/hard/crtn.o
 *(.fini)
 .fini          0x080045d4        0x4 d:/ac6/systemworkbench/plugins/fr.ac6.mcu.externaltools.arm-none.win32_1.17.0.201812190825/tools/compiler/bin/../lib/gcc/arm-none-eabi/7.3.1/thumb/v7e-m/fpv4-sp/hard/crti.o
                0x080045d4                _fini
 .fini          0x080045d8        0x8 d:/ac6/systemworkbench/plugins/fr.ac6.mcu.externaltools.arm-none.win32_1.17.0.201812190825/tools/compiler/bin/../lib/gcc/arm-none-eabi/7.3.1/thumb/v7e-m/fpv4-sp/hard/crtn.o
                0x080045e0                . = ALIGN (0x8)
                0x080045e0                _etext = .

.vfp11_veneer   0x080045e0        0x0
 .vfp11_veneer  0x080045e0        0x0 linker stubs

.v4_bx          0x080045e0        0x0
 .v4_bx         0x080045e0        0x0 linker stubs

.iplt           0x080045e0        0x0
 .iplt          0x080045e0        0x0 d:/ac6/systemworkbench/plugins/fr.ac6.mcu.externaltools.arm-none.win32_1.17.0.201812190825/tools/compiler/bin/../lib/gcc/arm-none-eabi/7.3.1/thumb/v7e-m/fpv4-sp/hard/crtbegin.o

.rodata         0x080045e0       0xe8
                0x080045e0                . = ALIGN (0x8)
 *(.rodata)
 .rodata        0x080045e0       0x9c Core/Src/main.o
                0x080045e0                pitch
 .rodata        0x0800467c       0x48 Core/Src/system_stm32l4xx.o
                0x0800467c                MSIRangeTable
                0x080046ac                AHBPrescTable
                0x080046bc                APBPrescTable
 *(.rodata*)
                0x080046c8                . = ALIGN (0x8)
 *fill*         0x080046c4        0x4 

.ARM.extab      0x080046c8        0x0
                0x080046c8                . = ALIGN (0x8)
 *(.ARM.extab* .gnu.linkonce.armextab.*)
                0x080046c8                . = ALIGN (0x8)

.ARM            0x080046c8        0x8
                0x080046c8                . = ALIGN (0x8)
                0x080046c8                __exidx_start = .
 *(.ARM.exidx*)
 .ARM.exidx     0x080046c8        0x8 d:/ac6/systemworkbench/plugins/fr.ac6.mcu.externaltools.arm-none.win32_1.17.0.201812190825/tools/compiler/bin/../lib/gcc/arm-none-eabi/7.3.1/thumb/v7e-m/fpv4-sp/hard\libgcc.a(_udivmoddi4.o)
                0x080046d0                __exidx_end = .
                0x080046d0                . = ALIGN (0x8)

.rel.dyn        0x080046d0        0x0
 .rel.iplt      0x080046d0        0x0 d:/ac6/systemworkbench/plugins/fr.ac6.mcu.externaltools.arm-none.win32_1.17.0.201812190825/tools/compiler/bin/../lib/gcc/arm-none-eabi/7.3.1/thumb/v7e-m/fpv4-sp/hard/crtbegin.o

.preinit_array  0x080046d0        0x0
                0x080046d0                . = ALIGN (0x8)
                0x080046d0                PROVIDE (__preinit_array_start = .)
 *(.preinit_array*)
                0x080046d0                PROVIDE (__preinit_array_end = .)
                0x080046d0                . = ALIGN (0x8)

.init_array     0x080046d0        0x8
                0x080046d0                . = ALIGN (0x8)
                0x080046d0                PROVIDE (__init_array_start = .)
 *(SORT_BY_NAME(.init_array.*))
 *(.init_array*)
 .init_array    0x080046d0        0x4 d:/ac6/systemworkbench/plugins/fr.ac6.mcu.externaltools.arm-none.win32_1.17.0.201812190825/tools/compiler/bin/../lib/gcc/arm-none-eabi/7.3.1/thumb/v7e-m/fpv4-sp/hard/crtbegin.o
                0x080046d4                PROVIDE (__init_array_end = .)
                0x080046d8                . = ALIGN (0x8)
 *fill*         0x080046d4        0x4 

.fini_array     0x080046d8        0x8
                0x080046d8                . = ALIGN (0x8)
                [!provide]                PROVIDE (__fini_array_start = .)
 *(SORT_BY_NAME(.fini_array.*))
 *(.fini_array*)
 .fini_array    0x080046d8        0x4 d:/ac6/systemworkbench/plugins/fr.ac6.mcu.externaltools.arm-none.win32_1.17.0.201812190825/tools/compiler/bin/../lib/gcc/arm-none-eabi/7.3.1/thumb/v7e-m/fpv4-sp/hard/crtbegin.o
                [!provide]                PROVIDE (__fini_array_end = .)
                0x080046e0                . = ALIGN (0x8)
 *fill*         0x080046dc        0x4 
                0x080046e0                _sidata = LOADADDR (.data)

.data           0x20000000     0x4630 load address 0x080046e0
                0x20000000                . = ALIGN (0x8)
                0x20000000                _sdata = .
 *(.data)
 .data          0x20000000     0x4620 Core/Src/main.o
                0x20000000                song_1
                0x20000004                song1
                0x200000c4                stop_1
                0x200000c8                stop1
                0x20000188                song_2
                0x2000018c                stop_2
                0x20000190                len
                0x20000194                len1
                0x20000198                delay11
                0x2000019c                delay1
                0x200001a0                delay21
                0x200001a4                delay2
                0x200001a8                reset_delay1
                0x200001ac                reset_delay2
                0x200001b0                song2
                0x200004c8                stop2
                0x200007e0                len2
                0x200007e4                delay12
                0x200007e8                delay22
                0x200007ec                song3
                0x20000cac                stop3
                0x2000116c                len3
                0x20001170                delay13
                0x20001174                delay23
                0x20001178                song4
                0x20001658                stop4
                0x20001b38                len4
                0x20001b3c                delay14
                0x20001b40                delay24
                0x20001b44                song5
                0x20002024                stop5
                0x20002504                len5
                0x20002508                delay15
                0x2000250c                delay25
                0x20002510                song6_1
                0x20002c50                stop6_1
                0x20003390                song6_2
                0x20003ad0                stop6_2
                0x20004210                len6
                0x20004214                delay16
                0x20004218                delay26
                0x2000421c                sine_wave_array
                0x20004220                sine_wave_array1
                0x20004320                sine_wave_array2
                0x20004420                sine_wave_array3
                0x20004520                sine_wave_array4
 .data          0x20004620        0x4 Core/Src/system_stm32l4xx.o
                0x20004620                SystemCoreClock
 .data          0x20004624        0x8 Drivers/STM32L4xx_HAL_Driver/Src/stm32l4xx_hal.o
                0x20004624                uwTickFreq
                0x20004628                uwTickPrio
 *(.data*)
                0x20004630                . = ALIGN (0x8)
 *fill*         0x2000462c        0x4 
                0x20004630                _edata = .

.igot.plt       0x20004630        0x0 load address 0x08008d10
 .igot.plt      0x20004630        0x0 d:/ac6/systemworkbench/plugins/fr.ac6.mcu.externaltools.arm-none.win32_1.17.0.201812190825/tools/compiler/bin/../lib/gcc/arm-none-eabi/7.3.1/thumb/v7e-m/fpv4-sp/hard/crtbegin.o
                0x20004630                . = ALIGN (0x4)

.bss            0x20004630      0x2b8 load address 0x08008d10
                0x20004630                _sbss = .
                0x20004630                __bss_start__ = _sbss
 *(.bss)
 .bss           0x20004630       0x1c d:/ac6/systemworkbench/plugins/fr.ac6.mcu.externaltools.arm-none.win32_1.17.0.201812190825/tools/compiler/bin/../lib/gcc/arm-none-eabi/7.3.1/thumb/v7e-m/fpv4-sp/hard/crtbegin.o
 .bss           0x2000464c        0xc Core/Src/main.o
                0x2000464c                mute
                0x20004650                start_i
                0x20004654                i
 *(.bss*)
 *(COMMON)
 COMMON         0x20004658      0x28c Core/Src/main.o
                0x20004658                htim4
                0x200046a4                hdac1
                0x200046b8                hdma_dac_ch1
                0x20004700                huart1
                0x20004780                htim6
                0x200047cc                hdma_dac_ch2
                0x20004814                aRxBuffer
                0x20004818                huart2
                0x20004898                htim7
 COMMON         0x200048e4        0x4 Drivers/STM32L4xx_HAL_Driver/Src/stm32l4xx_hal.o
                0x200048e4                uwTick
                0x200048e8                . = ALIGN (0x4)
                0x200048e8                _ebss = .
                0x200048e8                __bss_end__ = _ebss

._user_heap_stack
                0x200048e8      0x600 load address 0x08008d10
                0x200048e8                . = ALIGN (0x8)
                0x200048e8                PROVIDE (end = .)
                [!provide]                PROVIDE (_end = .)
                0x20004ae8                . = (. + _Min_Heap_Size)
 *fill*         0x200048e8      0x200 
                0x20004ee8                . = (. + _Min_Stack_Size)
 *fill*         0x20004ae8      0x400 
                0x20004ee8                . = ALIGN (0x8)

/DISCARD/
 libc.a(*)
 libm.a(*)
 libgcc.a(*)

.ARM.attributes
                0x00000000       0x30
 *(.ARM.attributes)
 .ARM.attributes
                0x00000000       0x22 d:/ac6/systemworkbench/plugins/fr.ac6.mcu.externaltools.arm-none.win32_1.17.0.201812190825/tools/compiler/bin/../lib/gcc/arm-none-eabi/7.3.1/thumb/v7e-m/fpv4-sp/hard/crti.o
 .ARM.attributes
                0x00000022       0x34 d:/ac6/systemworkbench/plugins/fr.ac6.mcu.externaltools.arm-none.win32_1.17.0.201812190825/tools/compiler/bin/../lib/gcc/arm-none-eabi/7.3.1/thumb/v7e-m/fpv4-sp/hard/crtbegin.o
 .ARM.attributes
                0x00000056       0x39 Core/Src/main.o
 .ARM.attributes
                0x0000008f       0x39 Core/Src/stm32l4xx_hal_msp.o
 .ARM.attributes
                0x000000c8       0x39 Core/Src/stm32l4xx_it.o
 .ARM.attributes
                0x00000101       0x39 Core/Src/system_stm32l4xx.o
 .ARM.attributes
                0x0000013a       0x39 Drivers/STM32L4xx_HAL_Driver/Src/stm32l4xx_hal.o
 .ARM.attributes
                0x00000173       0x39 Drivers/STM32L4xx_HAL_Driver/Src/stm32l4xx_hal_cortex.o
 .ARM.attributes
                0x000001ac       0x39 Drivers/STM32L4xx_HAL_Driver/Src/stm32l4xx_hal_dac.o
 .ARM.attributes
                0x000001e5       0x39 Drivers/STM32L4xx_HAL_Driver/Src/stm32l4xx_hal_dac_ex.o
 .ARM.attributes
                0x0000021e       0x39 Drivers/STM32L4xx_HAL_Driver/Src/stm32l4xx_hal_dma.o
 .ARM.attributes
                0x00000257       0x39 Drivers/STM32L4xx_HAL_Driver/Src/stm32l4xx_hal_gpio.o
 .ARM.attributes
                0x00000290       0x39 Drivers/STM32L4xx_HAL_Driver/Src/stm32l4xx_hal_pwr_ex.o
 .ARM.attributes
                0x000002c9       0x39 Drivers/STM32L4xx_HAL_Driver/Src/stm32l4xx_hal_rcc.o
 .ARM.attributes
                0x00000302       0x39 Drivers/STM32L4xx_HAL_Driver/Src/stm32l4xx_hal_rcc_ex.o
 .ARM.attributes
                0x0000033b       0x39 Drivers/STM32L4xx_HAL_Driver/Src/stm32l4xx_hal_tim.o
 .ARM.attributes
                0x00000374       0x39 Drivers/STM32L4xx_HAL_Driver/Src/stm32l4xx_hal_tim_ex.o
 .ARM.attributes
                0x000003ad       0x39 Drivers/STM32L4xx_HAL_Driver/Src/stm32l4xx_hal_uart.o
 .ARM.attributes
                0x000003e6       0x39 Drivers/STM32L4xx_HAL_Driver/Src/stm32l4xx_hal_uart_ex.o
 .ARM.attributes
                0x0000041f       0x21 startup/startup_stm32l476xx.o
 .ARM.attributes
                0x00000440       0x22 d:/ac6/systemworkbench/plugins/fr.ac6.mcu.externaltools.arm-none.win32_1.17.0.201812190825/tools/compiler/bin/../lib/gcc/arm-none-eabi/7.3.1/thumb/v7e-m/fpv4-sp/hard\libgcc.a(_arm_addsubdf3.o)
 .ARM.attributes
                0x00000462       0x22 d:/ac6/systemworkbench/plugins/fr.ac6.mcu.externaltools.arm-none.win32_1.17.0.201812190825/tools/compiler/bin/../lib/gcc/arm-none-eabi/7.3.1/thumb/v7e-m/fpv4-sp/hard\libgcc.a(_arm_muldivdf3.o)
 .ARM.attributes
                0x00000484       0x22 d:/ac6/systemworkbench/plugins/fr.ac6.mcu.externaltools.arm-none.win32_1.17.0.201812190825/tools/compiler/bin/../lib/gcc/arm-none-eabi/7.3.1/thumb/v7e-m/fpv4-sp/hard\libgcc.a(_arm_fixdfsi.o)
 .ARM.attributes
                0x000004a6       0x22 d:/ac6/systemworkbench/plugins/fr.ac6.mcu.externaltools.arm-none.win32_1.17.0.201812190825/tools/compiler/bin/../lib/gcc/arm-none-eabi/7.3.1/thumb/v7e-m/fpv4-sp/hard\libgcc.a(_aeabi_uldivmod.o)
 .ARM.attributes
                0x000004c8       0x34 d:/ac6/systemworkbench/plugins/fr.ac6.mcu.externaltools.arm-none.win32_1.17.0.201812190825/tools/compiler/bin/../lib/gcc/arm-none-eabi/7.3.1/thumb/v7e-m/fpv4-sp/hard\libgcc.a(_udivmoddi4.o)
 .ARM.attributes
                0x000004fc       0x22 d:/ac6/systemworkbench/plugins/fr.ac6.mcu.externaltools.arm-none.win32_1.17.0.201812190825/tools/compiler/bin/../lib/gcc/arm-none-eabi/7.3.1/thumb/v7e-m/fpv4-sp/hard\libgcc.a(_dvmd_tls.o)
 .ARM.attributes
                0x0000051e       0x34 d:/ac6/systemworkbench/plugins/fr.ac6.mcu.externaltools.arm-none.win32_1.17.0.201812190825/tools/compiler/bin/../lib/gcc/arm-none-eabi/7.3.1/../../../../arm-none-eabi/lib/thumb/v7e-m/fpv4-sp/hard\libc_nano.a(lib_a-init.o)
 .ARM.attributes
                0x00000552       0x34 d:/ac6/systemworkbench/plugins/fr.ac6.mcu.externaltools.arm-none.win32_1.17.0.201812190825/tools/compiler/bin/../lib/gcc/arm-none-eabi/7.3.1/../../../../arm-none-eabi/lib/thumb/v7e-m/fpv4-sp/hard\libc_nano.a(lib_a-memset.o)
 .ARM.attributes
                0x00000586       0x22 d:/ac6/systemworkbench/plugins/fr.ac6.mcu.externaltools.arm-none.win32_1.17.0.201812190825/tools/compiler/bin/../lib/gcc/arm-none-eabi/7.3.1/thumb/v7e-m/fpv4-sp/hard/crtn.o
OUTPUT(final_project2.elf elf32-littlearm)

.debug_info     0x00000000    0x14184
 .debug_info    0x00000000     0x261b Core/Src/main.o
 .debug_info    0x0000261b     0x16d3 Core/Src/stm32l4xx_hal_msp.o
 .debug_info    0x00003cee      0x908 Core/Src/stm32l4xx_it.o
 .debug_info    0x000045f6      0x72d Core/Src/system_stm32l4xx.o
 .debug_info    0x00004d23      0xdf1 Drivers/STM32L4xx_HAL_Driver/Src/stm32l4xx_hal.o
 .debug_info    0x00005b14     0x10d1 Drivers/STM32L4xx_HAL_Driver/Src/stm32l4xx_hal_cortex.o
 .debug_info    0x00006be5      0xd0f Drivers/STM32L4xx_HAL_Driver/Src/stm32l4xx_hal_dac.o
 .debug_info    0x000078f4      0xb37 Drivers/STM32L4xx_HAL_Driver/Src/stm32l4xx_hal_dac_ex.o
 .debug_info    0x0000842b      0x987 Drivers/STM32L4xx_HAL_Driver/Src/stm32l4xx_hal_dma.o
 .debug_info    0x00008db2      0x9ca Drivers/STM32L4xx_HAL_Driver/Src/stm32l4xx_hal_gpio.o
 .debug_info    0x0000977c      0xbad Drivers/STM32L4xx_HAL_Driver/Src/stm32l4xx_hal_pwr_ex.o
 .debug_info    0x0000a329      0xf6d Drivers/STM32L4xx_HAL_Driver/Src/stm32l4xx_hal_rcc.o
 .debug_info    0x0000b296     0x12d4 Drivers/STM32L4xx_HAL_Driver/Src/stm32l4xx_hal_rcc_ex.o
 .debug_info    0x0000c56a     0x3807 Drivers/STM32L4xx_HAL_Driver/Src/stm32l4xx_hal_tim.o
 .debug_info    0x0000fd71     0x1aa5 Drivers/STM32L4xx_HAL_Driver/Src/stm32l4xx_hal_tim_ex.o
 .debug_info    0x00011816     0x1e24 Drivers/STM32L4xx_HAL_Driver/Src/stm32l4xx_hal_uart.o
 .debug_info    0x0001363a      0xb28 Drivers/STM32L4xx_HAL_Driver/Src/stm32l4xx_hal_uart_ex.o
 .debug_info    0x00014162       0x22 startup/startup_stm32l476xx.o

.debug_abbrev   0x00000000     0x248c
 .debug_abbrev  0x00000000      0x2b8 Core/Src/main.o
 .debug_abbrev  0x000002b8      0x235 Core/Src/stm32l4xx_hal_msp.o
 .debug_abbrev  0x000004ed      0x167 Core/Src/stm32l4xx_it.o
 .debug_abbrev  0x00000654      0x150 Core/Src/system_stm32l4xx.o
 .debug_abbrev  0x000007a4      0x209 Drivers/STM32L4xx_HAL_Driver/Src/stm32l4xx_hal.o
 .debug_abbrev  0x000009ad      0x328 Drivers/STM32L4xx_HAL_Driver/Src/stm32l4xx_hal_cortex.o
 .debug_abbrev  0x00000cd5      0x1eb Drivers/STM32L4xx_HAL_Driver/Src/stm32l4xx_hal_dac.o
 .debug_abbrev  0x00000ec0      0x26a Drivers/STM32L4xx_HAL_Driver/Src/stm32l4xx_hal_dac_ex.o
 .debug_abbrev  0x0000112a      0x233 Drivers/STM32L4xx_HAL_Driver/Src/stm32l4xx_hal_dma.o
 .debug_abbrev  0x0000135d      0x1de Drivers/STM32L4xx_HAL_Driver/Src/stm32l4xx_hal_gpio.o
 .debug_abbrev  0x0000153b      0x1f5 Drivers/STM32L4xx_HAL_Driver/Src/stm32l4xx_hal_pwr_ex.o
 .debug_abbrev  0x00001730      0x21f Drivers/STM32L4xx_HAL_Driver/Src/stm32l4xx_hal_rcc.o
 .debug_abbrev  0x0000194f      0x24c Drivers/STM32L4xx_HAL_Driver/Src/stm32l4xx_hal_rcc_ex.o
 .debug_abbrev  0x00001b9b      0x235 Drivers/STM32L4xx_HAL_Driver/Src/stm32l4xx_hal_tim.o
 .debug_abbrev  0x00001dd0      0x246 Drivers/STM32L4xx_HAL_Driver/Src/stm32l4xx_hal_tim_ex.o
 .debug_abbrev  0x00002016      0x24d Drivers/STM32L4xx_HAL_Driver/Src/stm32l4xx_hal_uart.o
 .debug_abbrev  0x00002263      0x217 Drivers/STM32L4xx_HAL_Driver/Src/stm32l4xx_hal_uart_ex.o
 .debug_abbrev  0x0000247a       0x12 startup/startup_stm32l476xx.o

.debug_loc      0x00000000     0xd569
 .debug_loc     0x00000000       0xbf Core/Src/main.o
 .debug_loc     0x000000bf      0x143 Core/Src/stm32l4xx_hal_msp.o
 .debug_loc     0x00000202      0x1b8 Core/Src/system_stm32l4xx.o
 .debug_loc     0x000003ba      0x20b Drivers/STM32L4xx_HAL_Driver/Src/stm32l4xx_hal.o
 .debug_loc     0x000005c5      0x5ce Drivers/STM32L4xx_HAL_Driver/Src/stm32l4xx_hal_cortex.o
 .debug_loc     0x00000b93      0x730 Drivers/STM32L4xx_HAL_Driver/Src/stm32l4xx_hal_dac.o
 .debug_loc     0x000012c3      0x4ed Drivers/STM32L4xx_HAL_Driver/Src/stm32l4xx_hal_dac_ex.o
 .debug_loc     0x000017b0      0x7a2 Drivers/STM32L4xx_HAL_Driver/Src/stm32l4xx_hal_dma.o
 .debug_loc     0x00001f52      0x2d3 Drivers/STM32L4xx_HAL_Driver/Src/stm32l4xx_hal_gpio.o
 .debug_loc     0x00002225      0x99a Drivers/STM32L4xx_HAL_Driver/Src/stm32l4xx_hal_pwr_ex.o
 .debug_loc     0x00002bbf      0x656 Drivers/STM32L4xx_HAL_Driver/Src/stm32l4xx_hal_rcc.o
 .debug_loc     0x00003215     0x1c32 Drivers/STM32L4xx_HAL_Driver/Src/stm32l4xx_hal_rcc_ex.o
 .debug_loc     0x00004e47     0x4a7e Drivers/STM32L4xx_HAL_Driver/Src/stm32l4xx_hal_tim.o
 .debug_loc     0x000098c5     0x20ec Drivers/STM32L4xx_HAL_Driver/Src/stm32l4xx_hal_tim_ex.o
 .debug_loc     0x0000b9b1     0x18aa Drivers/STM32L4xx_HAL_Driver/Src/stm32l4xx_hal_uart.o
 .debug_loc     0x0000d25b      0x30e Drivers/STM32L4xx_HAL_Driver/Src/stm32l4xx_hal_uart_ex.o

.debug_aranges  0x00000000     0x1008
 .debug_aranges
                0x00000000       0x78 Core/Src/main.o
 .debug_aranges
                0x00000078       0x68 Core/Src/stm32l4xx_hal_msp.o
 .debug_aranges
                0x000000e0       0x78 Core/Src/stm32l4xx_it.o
 .debug_aranges
                0x00000158       0x28 Core/Src/system_stm32l4xx.o
 .debug_aranges
                0x00000180      0x130 Drivers/STM32L4xx_HAL_Driver/Src/stm32l4xx_hal.o
 .debug_aranges
                0x000002b0       0xa8 Drivers/STM32L4xx_HAL_Driver/Src/stm32l4xx_hal_cortex.o
 .debug_aranges
                0x00000358       0xc0 Drivers/STM32L4xx_HAL_Driver/Src/stm32l4xx_hal_dac.o
 .debug_aranges
                0x00000418       0x88 Drivers/STM32L4xx_HAL_Driver/Src/stm32l4xx_hal_dac_ex.o
 .debug_aranges
                0x000004a0       0x80 Drivers/STM32L4xx_HAL_Driver/Src/stm32l4xx_hal_dma.o
 .debug_aranges
                0x00000520       0x58 Drivers/STM32L4xx_HAL_Driver/Src/stm32l4xx_hal_gpio.o
 .debug_aranges
                0x00000578      0x150 Drivers/STM32L4xx_HAL_Driver/Src/stm32l4xx_hal_pwr_ex.o
 .debug_aranges
                0x000006c8       0x88 Drivers/STM32L4xx_HAL_Driver/Src/stm32l4xx_hal_rcc.o
 .debug_aranges
                0x00000750       0xc0 Drivers/STM32L4xx_HAL_Driver/Src/stm32l4xx_hal_rcc_ex.o
 .debug_aranges
                0x00000810      0x3e0 Drivers/STM32L4xx_HAL_Driver/Src/stm32l4xx_hal_tim.o
 .debug_aranges
                0x00000bf0      0x180 Drivers/STM32L4xx_HAL_Driver/Src/stm32l4xx_hal_tim_ex.o
 .debug_aranges
                0x00000d70      0x210 Drivers/STM32L4xx_HAL_Driver/Src/stm32l4xx_hal_uart.o
 .debug_aranges
                0x00000f80       0x60 Drivers/STM32L4xx_HAL_Driver/Src/stm32l4xx_hal_uart_ex.o
 .debug_aranges
                0x00000fe0       0x28 startup/startup_stm32l476xx.o

.debug_ranges   0x00000000      0xfb8
 .debug_ranges  0x00000000       0x98 Core/Src/main.o
 .debug_ranges  0x00000098       0x58 Core/Src/stm32l4xx_hal_msp.o
 .debug_ranges  0x000000f0       0x68 Core/Src/stm32l4xx_it.o
 .debug_ranges  0x00000158       0x18 Core/Src/system_stm32l4xx.o
 .debug_ranges  0x00000170      0x120 Drivers/STM32L4xx_HAL_Driver/Src/stm32l4xx_hal.o
 .debug_ranges  0x00000290       0xf8 Drivers/STM32L4xx_HAL_Driver/Src/stm32l4xx_hal_cortex.o
 .debug_ranges  0x00000388       0xb0 Drivers/STM32L4xx_HAL_Driver/Src/stm32l4xx_hal_dac.o
 .debug_ranges  0x00000438       0x78 Drivers/STM32L4xx_HAL_Driver/Src/stm32l4xx_hal_dac_ex.o
 .debug_ranges  0x000004b0       0x70 Drivers/STM32L4xx_HAL_Driver/Src/stm32l4xx_hal_dma.o
 .debug_ranges  0x00000520       0x48 Drivers/STM32L4xx_HAL_Driver/Src/stm32l4xx_hal_gpio.o
 .debug_ranges  0x00000568      0x140 Drivers/STM32L4xx_HAL_Driver/Src/stm32l4xx_hal_pwr_ex.o
 .debug_ranges  0x000006a8       0x90 Drivers/STM32L4xx_HAL_Driver/Src/stm32l4xx_hal_rcc.o
 .debug_ranges  0x00000738       0xd0 Drivers/STM32L4xx_HAL_Driver/Src/stm32l4xx_hal_rcc_ex.o
 .debug_ranges  0x00000808      0x3d0 Drivers/STM32L4xx_HAL_Driver/Src/stm32l4xx_hal_tim.o
 .debug_ranges  0x00000bd8      0x170 Drivers/STM32L4xx_HAL_Driver/Src/stm32l4xx_hal_tim_ex.o
 .debug_ranges  0x00000d48      0x200 Drivers/STM32L4xx_HAL_Driver/Src/stm32l4xx_hal_uart.o
 .debug_ranges  0x00000f48       0x50 Drivers/STM32L4xx_HAL_Driver/Src/stm32l4xx_hal_uart_ex.o
 .debug_ranges  0x00000f98       0x20 startup/startup_stm32l476xx.o

.debug_macro    0x00000000    0x26a66
 .debug_macro   0x00000000      0x1fc Core/Src/main.o
 .debug_macro   0x000001fc      0xa54 Core/Src/main.o
 .debug_macro   0x00000c50      0x1b3 Core/Src/main.o
 .debug_macro   0x00000e03       0x2e Core/Src/main.o
 .debug_macro   0x00000e31       0x28 Core/Src/main.o
 .debug_macro   0x00000e59       0x22 Core/Src/main.o
 .debug_macro   0x00000e7b       0x8e Core/Src/main.o
 .debug_macro   0x00000f09       0x51 Core/Src/main.o
 .debug_macro   0x00000f5a       0xef Core/Src/main.o
 .debug_macro   0x00001049       0x6a Core/Src/main.o
 .debug_macro   0x000010b3      0x1df Core/Src/main.o
 .debug_macro   0x00001292       0x1c Core/Src/main.o
 .debug_macro   0x000012ae       0x22 Core/Src/main.o
 .debug_macro   0x000012d0      0x101 Core/Src/main.o
 .debug_macro   0x000013d1     0x1011 Core/Src/main.o
 .debug_macro   0x000023e2      0x11f Core/Src/main.o
 .debug_macro   0x00002501    0x1a13d Core/Src/main.o
 .debug_macro   0x0001c63e       0x43 Core/Src/main.o
 .debug_macro   0x0001c681     0x3890 Core/Src/main.o
 .debug_macro   0x0001ff11      0x174 Core/Src/main.o
 .debug_macro   0x00020085       0x5c Core/Src/main.o
 .debug_macro   0x000200e1     0x155f Core/Src/main.o
 .debug_macro   0x00021640      0x59e Core/Src/main.o
 .debug_macro   0x00021bde      0x13d Core/Src/main.o
 .debug_macro   0x00021d1b      0x18b Core/Src/main.o
 .debug_macro   0x00021ea6      0x26b Core/Src/main.o
 .debug_macro   0x00022111      0x23d Core/Src/main.o
 .debug_macro   0x0002234e      0x153 Core/Src/main.o
 .debug_macro   0x000224a1       0xd8 Core/Src/main.o
 .debug_macro   0x00022579      0x241 Core/Src/main.o
 .debug_macro   0x000227ba      0x37c Core/Src/main.o
 .debug_macro   0x00022b36       0xd6 Core/Src/main.o
 .debug_macro   0x00022c0c      0x22c Core/Src/main.o
 .debug_macro   0x00022e38       0x61 Core/Src/main.o
 .debug_macro   0x00022e99       0xa5 Core/Src/main.o
 .debug_macro   0x00022f3e      0x122 Core/Src/main.o
 .debug_macro   0x00023060      0x3e9 Core/Src/main.o
 .debug_macro   0x00023449      0xa75 Core/Src/main.o
 .debug_macro   0x00023ebe      0x1e7 Core/Src/main.o
 .debug_macro   0x000240a5      0x59e Core/Src/main.o
 .debug_macro   0x00024643       0x44 Core/Src/main.o
 .debug_macro   0x00024687      0x331 Core/Src/main.o
 .debug_macro   0x000249b8       0x4c Core/Src/main.o
 .debug_macro   0x00024a04      0x1fc Core/Src/stm32l4xx_hal_msp.o
 .debug_macro   0x00024c00      0x206 Core/Src/stm32l4xx_it.o
 .debug_macro   0x00024e06      0x1f3 Core/Src/system_stm32l4xx.o
 .debug_macro   0x00024ff9      0x23b Drivers/STM32L4xx_HAL_Driver/Src/stm32l4xx_hal.o
 .debug_macro   0x00025234      0x1ed Drivers/STM32L4xx_HAL_Driver/Src/stm32l4xx_hal_cortex.o
 .debug_macro   0x00025421      0x1fc Drivers/STM32L4xx_HAL_Driver/Src/stm32l4xx_hal_dac.o
 .debug_macro   0x0002561d      0x1ed Drivers/STM32L4xx_HAL_Driver/Src/stm32l4xx_hal_dac_ex.o
 .debug_macro   0x0002580a      0x1ed Drivers/STM32L4xx_HAL_Driver/Src/stm32l4xx_hal_dma.o
 .debug_macro   0x000259f7      0x22c Drivers/STM32L4xx_HAL_Driver/Src/stm32l4xx_hal_gpio.o
 .debug_macro   0x00025c23      0x211 Drivers/STM32L4xx_HAL_Driver/Src/stm32l4xx_hal_pwr_ex.o
 .debug_macro   0x00025e34      0x22f Drivers/STM32L4xx_HAL_Driver/Src/stm32l4xx_hal_rcc.o
 .debug_macro   0x00026063      0x223 Drivers/STM32L4xx_HAL_Driver/Src/stm32l4xx_hal_rcc_ex.o
 .debug_macro   0x00026286      0x1ee Drivers/STM32L4xx_HAL_Driver/Src/stm32l4xx_hal_tim.o
 .debug_macro   0x00026474      0x1ed Drivers/STM32L4xx_HAL_Driver/Src/stm32l4xx_hal_tim_ex.o
 .debug_macro   0x00026661      0x218 Drivers/STM32L4xx_HAL_Driver/Src/stm32l4xx_hal_uart.o
 .debug_macro   0x00026879      0x1ed Drivers/STM32L4xx_HAL_Driver/Src/stm32l4xx_hal_uart_ex.o

.debug_line     0x00000000     0xd40c
 .debug_line    0x00000000      0x92f Core/Src/main.o
 .debug_line    0x0000092f      0x821 Core/Src/stm32l4xx_hal_msp.o
 .debug_line    0x00001150      0x7c3 Core/Src/stm32l4xx_it.o
 .debug_line    0x00001913      0x736 Core/Src/system_stm32l4xx.o
 .debug_line    0x00002049      0x9a0 Drivers/STM32L4xx_HAL_Driver/Src/stm32l4xx_hal.o
 .debug_line    0x000029e9      0x94e Drivers/STM32L4xx_HAL_Driver/Src/stm32l4xx_hal_cortex.o
 .debug_line    0x00003337      0x98d Drivers/STM32L4xx_HAL_Driver/Src/stm32l4xx_hal_dac.o
 .debug_line    0x00003cc4      0x8e1 Drivers/STM32L4xx_HAL_Driver/Src/stm32l4xx_hal_dac_ex.o
 .debug_line    0x000045a5      0x974 Drivers/STM32L4xx_HAL_Driver/Src/stm32l4xx_hal_dma.o
 .debug_line    0x00004f19      0x877 Drivers/STM32L4xx_HAL_Driver/Src/stm32l4xx_hal_gpio.o
 .debug_line    0x00005790      0xb72 Drivers/STM32L4xx_HAL_Driver/Src/stm32l4xx_hal_pwr_ex.o
 .debug_line    0x00006302      0xaa8 Drivers/STM32L4xx_HAL_Driver/Src/stm32l4xx_hal_rcc.o
 .debug_line    0x00006daa      0xd19 Drivers/STM32L4xx_HAL_Driver/Src/stm32l4xx_hal_rcc_ex.o
 .debug_line    0x00007ac3     0x2824 Drivers/STM32L4xx_HAL_Driver/Src/stm32l4xx_hal_tim.o
 .debug_line    0x0000a2e7     0x154d Drivers/STM32L4xx_HAL_Driver/Src/stm32l4xx_hal_tim_ex.o
 .debug_line    0x0000b834     0x12f2 Drivers/STM32L4xx_HAL_Driver/Src/stm32l4xx_hal_uart.o
 .debug_line    0x0000cb26      0x866 Drivers/STM32L4xx_HAL_Driver/Src/stm32l4xx_hal_uart_ex.o
 .debug_line    0x0000d38c       0x80 startup/startup_stm32l476xx.o

.debug_str      0x00000000    0xf1c8b
 .debug_str     0x00000000    0xedfb0 Core/Src/main.o
                              0xee42f (size before relaxing)
 .debug_str     0x000edfb0      0x125 Core/Src/stm32l4xx_hal_msp.o
                              0xedba7 (size before relaxing)
 .debug_str     0x000ee0d5      0x134 Core/Src/stm32l4xx_it.o
                              0xed087 (size before relaxing)
 .debug_str     0x000ee209       0xcd Core/Src/system_stm32l4xx.o
                              0xecc85 (size before relaxing)
 .debug_str     0x000ee2d6      0x634 Drivers/STM32L4xx_HAL_Driver/Src/stm32l4xx_hal.o
                              0xed81a (size before relaxing)
 .debug_str     0x000ee90a      0x31d Drivers/STM32L4xx_HAL_Driver/Src/stm32l4xx_hal_cortex.o
                              0xed4d9 (size before relaxing)
 .debug_str     0x000eec27      0x202 Drivers/STM32L4xx_HAL_Driver/Src/stm32l4xx_hal_dac.o
                              0xed111 (size before relaxing)
 .debug_str     0x000eee29      0x1c7 Drivers/STM32L4xx_HAL_Driver/Src/stm32l4xx_hal_dac_ex.o
                              0xed07a (size before relaxing)
 .debug_str     0x000eeff0      0x205 Drivers/STM32L4xx_HAL_Driver/Src/stm32l4xx_hal_dma.o
                              0xecee9 (size before relaxing)
 .debug_str     0x000ef1f5      0x234 Drivers/STM32L4xx_HAL_Driver/Src/stm32l4xx_hal_gpio.o
                              0xecf04 (size before relaxing)
 .debug_str     0x000ef429      0x4a8 Drivers/STM32L4xx_HAL_Driver/Src/stm32l4xx_hal_pwr_ex.o
                              0xed1b4 (size before relaxing)
 .debug_str     0x000ef8d1      0x328 Drivers/STM32L4xx_HAL_Driver/Src/stm32l4xx_hal_rcc.o
                              0xed288 (size before relaxing)
 .debug_str     0x000efbf9      0x3bf Drivers/STM32L4xx_HAL_Driver/Src/stm32l4xx_hal_rcc_ex.o
                              0xed467 (size before relaxing)
 .debug_str     0x000effb8      0xd71 Drivers/STM32L4xx_HAL_Driver/Src/stm32l4xx_hal_tim.o
                              0xedf79 (size before relaxing)
 .debug_str     0x000f0d29      0x5ce Drivers/STM32L4xx_HAL_Driver/Src/stm32l4xx_hal_tim_ex.o
                              0xed8a4 (size before relaxing)
 .debug_str     0x000f12f7      0x7e0 Drivers/STM32L4xx_HAL_Driver/Src/stm32l4xx_hal_uart.o
                              0xed8e5 (size before relaxing)
 .debug_str     0x000f1ad7      0x185 Drivers/STM32L4xx_HAL_Driver/Src/stm32l4xx_hal_uart_ex.o
                              0xed09d (size before relaxing)
 .debug_str     0x000f1c5c       0x2f startup/startup_stm32l476xx.o
                                 0x56 (size before relaxing)

.comment        0x00000000       0x7f
 .comment       0x00000000       0x7f Core/Src/main.o
                                 0x80 (size before relaxing)
 .comment       0x0000007f       0x80 Core/Src/stm32l4xx_hal_msp.o
 .comment       0x0000007f       0x80 Core/Src/stm32l4xx_it.o
 .comment       0x0000007f       0x80 Core/Src/system_stm32l4xx.o
 .comment       0x0000007f       0x80 Drivers/STM32L4xx_HAL_Driver/Src/stm32l4xx_hal.o
 .comment       0x0000007f       0x80 Drivers/STM32L4xx_HAL_Driver/Src/stm32l4xx_hal_cortex.o
 .comment       0x0000007f       0x80 Drivers/STM32L4xx_HAL_Driver/Src/stm32l4xx_hal_dac.o
 .comment       0x0000007f       0x80 Drivers/STM32L4xx_HAL_Driver/Src/stm32l4xx_hal_dac_ex.o
 .comment       0x0000007f       0x80 Drivers/STM32L4xx_HAL_Driver/Src/stm32l4xx_hal_dma.o
 .comment       0x0000007f       0x80 Drivers/STM32L4xx_HAL_Driver/Src/stm32l4xx_hal_gpio.o
 .comment       0x0000007f       0x80 Drivers/STM32L4xx_HAL_Driver/Src/stm32l4xx_hal_pwr_ex.o
 .comment       0x0000007f       0x80 Drivers/STM32L4xx_HAL_Driver/Src/stm32l4xx_hal_rcc.o
 .comment       0x0000007f       0x80 Drivers/STM32L4xx_HAL_Driver/Src/stm32l4xx_hal_rcc_ex.o
 .comment       0x0000007f       0x80 Drivers/STM32L4xx_HAL_Driver/Src/stm32l4xx_hal_tim.o
 .comment       0x0000007f       0x80 Drivers/STM32L4xx_HAL_Driver/Src/stm32l4xx_hal_tim_ex.o
 .comment       0x0000007f       0x80 Drivers/STM32L4xx_HAL_Driver/Src/stm32l4xx_hal_uart.o
 .comment       0x0000007f       0x80 Drivers/STM32L4xx_HAL_Driver/Src/stm32l4xx_hal_uart_ex.o

.debug_frame    0x00000000     0x2c38
 .debug_frame   0x00000000      0x164 Core/Src/main.o
 .debug_frame   0x00000164      0x10c Core/Src/stm32l4xx_hal_msp.o
 .debug_frame   0x00000270       0xf0 Core/Src/stm32l4xx_it.o
 .debug_frame   0x00000360       0x30 Core/Src/system_stm32l4xx.o
 .debug_frame   0x00000390      0x274 Drivers/STM32L4xx_HAL_Driver/Src/stm32l4xx_hal.o
 .debug_frame   0x00000604      0x15c Drivers/STM32L4xx_HAL_Driver/Src/stm32l4xx_hal_cortex.o
 .debug_frame   0x00000760      0x1f8 Drivers/STM32L4xx_HAL_Driver/Src/stm32l4xx_hal_dac.o
 .debug_frame   0x00000958      0x188 Drivers/STM32L4xx_HAL_Driver/Src/stm32l4xx_hal_dac_ex.o
 .debug_frame   0x00000ae0      0x16c Drivers/STM32L4xx_HAL_Driver/Src/stm32l4xx_hal_dma.o
 .debug_frame   0x00000c4c       0xd0 Drivers/STM32L4xx_HAL_Driver/Src/stm32l4xx_hal_gpio.o
 .debug_frame   0x00000d1c      0x298 Drivers/STM32L4xx_HAL_Driver/Src/stm32l4xx_hal_pwr_ex.o
 .debug_frame   0x00000fb4      0x18c Drivers/STM32L4xx_HAL_Driver/Src/stm32l4xx_hal_rcc.o
 .debug_frame   0x00001140      0x204 Drivers/STM32L4xx_HAL_Driver/Src/stm32l4xx_hal_rcc_ex.o
 .debug_frame   0x00001344      0xbbc Drivers/STM32L4xx_HAL_Driver/Src/stm32l4xx_hal_tim.o
 .debug_frame   0x00001f00      0x4e4 Drivers/STM32L4xx_HAL_Driver/Src/stm32l4xx_hal_tim_ex.o
 .debug_frame   0x000023e4      0x5ac Drivers/STM32L4xx_HAL_Driver/Src/stm32l4xx_hal_uart.o
 .debug_frame   0x00002990       0xdc Drivers/STM32L4xx_HAL_Driver/Src/stm32l4xx_hal_uart_ex.o
 .debug_frame   0x00002a6c       0xac d:/ac6/systemworkbench/plugins/fr.ac6.mcu.externaltools.arm-none.win32_1.17.0.201812190825/tools/compiler/bin/../lib/gcc/arm-none-eabi/7.3.1/thumb/v7e-m/fpv4-sp/hard\libgcc.a(_arm_addsubdf3.o)
 .debug_frame   0x00002b18       0x50 d:/ac6/systemworkbench/plugins/fr.ac6.mcu.externaltools.arm-none.win32_1.17.0.201812190825/tools/compiler/bin/../lib/gcc/arm-none-eabi/7.3.1/thumb/v7e-m/fpv4-sp/hard\libgcc.a(_arm_muldivdf3.o)
 .debug_frame   0x00002b68       0x24 d:/ac6/systemworkbench/plugins/fr.ac6.mcu.externaltools.arm-none.win32_1.17.0.201812190825/tools/compiler/bin/../lib/gcc/arm-none-eabi/7.3.1/thumb/v7e-m/fpv4-sp/hard\libgcc.a(_arm_fixdfsi.o)
 .debug_frame   0x00002b8c       0x2c d:/ac6/systemworkbench/plugins/fr.ac6.mcu.externaltools.arm-none.win32_1.17.0.201812190825/tools/compiler/bin/../lib/gcc/arm-none-eabi/7.3.1/thumb/v7e-m/fpv4-sp/hard\libgcc.a(_aeabi_uldivmod.o)
 .debug_frame   0x00002bb8       0x34 d:/ac6/systemworkbench/plugins/fr.ac6.mcu.externaltools.arm-none.win32_1.17.0.201812190825/tools/compiler/bin/../lib/gcc/arm-none-eabi/7.3.1/thumb/v7e-m/fpv4-sp/hard\libgcc.a(_udivmoddi4.o)
 .debug_frame   0x00002bec       0x2c d:/ac6/systemworkbench/plugins/fr.ac6.mcu.externaltools.arm-none.win32_1.17.0.201812190825/tools/compiler/bin/../lib/gcc/arm-none-eabi/7.3.1/../../../../arm-none-eabi/lib/thumb/v7e-m/fpv4-sp/hard\libc_nano.a(lib_a-init.o)
 .debug_frame   0x00002c18       0x20 d:/ac6/systemworkbench/plugins/fr.ac6.mcu.externaltools.arm-none.win32_1.17.0.201812190825/tools/compiler/bin/../lib/gcc/arm-none-eabi/7.3.1/../../../../arm-none-eabi/lib/thumb/v7e-m/fpv4-sp/hard\libc_nano.a(lib_a-memset.o)
